
> site-sigo@0.1.0 build
> next build

  Ôû▓ Next.js 14.2.35
  - Environments: .env

   Creating an optimized production build ...
 Ô£ô Compiled successfully
   Linting and checking validity of types ...
   Collecting page data ...
   Generating static pages (0/9) ...
   Generating static pages (2/9) 
   Generating static pages (4/9) 
   Generating static pages (6/9) 
u {
  version: '11.18.2',
  canTrackVelocity: true,
  events: {},
  updateAndNotify: [Function (anonymous)],
  hasAnimated: false,
  current: 0,
  updatedAt: 1503.4946,
  owner: undefined
}
 Ô£ô Generating static pages (9/9)
   Finalizing page optimization ...
   Collecting build traces ...

Route (app)                              Size     First Load JS
Ôöî Ôùï /                                    25.2 kB         200 kB
Ôö£ Ôùï /_not-found                          873 B          88.2 kB
Ôö£ Ôùï /admin/contacts                      3.81 kB         128 kB
Ôö£ ãÆ /api/contact                         0 B                0 B
Ôö£ ãÆ /api/portfolio                       0 B                0 B
Ôöö Ôùï /modelos                             2.09 kB         186 kB
+ First Load JS shared by all            87.3 kB
  Ôö£ chunks/117-4f5b424f20efdcae.js       31.7 kB
  Ôö£ chunks/fd9d1056-b11b2651f33aae7f.js  53.6 kB
  Ôöö other shared chunks (total)          1.96 kB


Ôùï  (Static)   prerendered as static content
ãÆ  (Dynamic)  server-rendered on demand

